Renesas Optimizing Linker (W3.03.00 )             16-Mar-2022 14:31:07

*** Options ***

-subcommand=LinkerNewver_MhwSlave_Code_00.tmp
-MAKEUD=D:\OneDrive - Nichrome India Ltd\Desktop\pract1\pract1\10HDMHWSLAVE_V0.001\Newver_MhwSlave_Code_00\HardwareDebug/Newver_MhwSlave_Code_00_l.ud
-noprelink
-input=".\src\ADC_CS5532.obj"
-input=".\src\Auto_Tare.obj"
-input=".\src\Calibration.obj"
-input=".\src\Flash.obj"
-input=".\src\Manual_OP.obj"
-input=".\src\Newver_MhwSlave_Code_01.obj"
-input=".\src\PWM.obj"
-input=".\src\Peripheral.obj"
-input=".\src\RUN_OP.obj"
-input=".\src\Stepper_Motor.obj"
-input=".\src\Timer.obj"
-input=".\src\can.obj"
-input=".\src/smc_gen/Config_CMT0\Config_CMT0.obj"
-input=".\src/smc_gen/Config_CMT0\Config_CMT0_user.obj"
-input=".\src/smc_gen/Config_CMT1\Config_CMT1.obj"
-input=".\src/smc_gen/Config_CMT1\Config_CMT1_user.obj"
-input=".\src/smc_gen/Config_CMT2\Config_CMT2.obj"
-input=".\src/smc_gen/Config_CMT2\Config_CMT2_user.obj"
-input=".\src/smc_gen/Config_CMT3\Config_CMT3.obj"
-input=".\src/smc_gen/Config_CMT3\Config_CMT3_user.obj"
-input=".\src/smc_gen/Config_ICU\Config_ICU.obj"
-input=".\src/smc_gen/Config_ICU\Config_ICU_user.obj"
-input=".\src/smc_gen/Config_MTU0\Config_MTU0.obj"
-input=".\src/smc_gen/Config_MTU0\Config_MTU0_user.obj"
-input=".\src/smc_gen/Config_PORT\Config_PORT.obj"
-input=".\src/smc_gen/Config_PORT\Config_PORT_user.obj"
-input=".\src/smc_gen/Config_WDT\Config_WDT.obj"
-input=".\src/smc_gen/Config_WDT\Config_WDT_user.obj"
-input=".\src/smc_gen/general\r_cg_hardware_setup.obj"
-input=".\src/smc_gen/general\r_smc_cgc.obj"
-input=".\src/smc_gen/general\r_smc_cgc_user.obj"
-input=".\src/smc_gen/general\r_smc_interrupt.obj"
-input=".\src/smc_gen/r_bsp/board/generic_rx231\hwsetup.obj"
-input=".\src/smc_gen/r_bsp/mcu/all\dbsct.obj"
-input=".\src/smc_gen/r_bsp/mcu/all\lowlvl.obj"
-input=".\src/smc_gen/r_bsp/mcu/all\lowsrc.obj"
-input=".\src/smc_gen/r_bsp/mcu/all\mcu_locks.obj"
-input=".\src/smc_gen/r_bsp/mcu/all\r_bsp_common.obj"
-input=".\src/smc_gen/r_bsp/mcu/all\r_bsp_cpu.obj"
-input=".\src/smc_gen/r_bsp/mcu/all\r_bsp_interrupts.obj"
-input=".\src/smc_gen/r_bsp/mcu/all\r_bsp_locking.obj"
-input=".\src/smc_gen/r_bsp/mcu/all\r_bsp_mcu_startup.obj"
-input=".\src/smc_gen/r_bsp/mcu/all\r_bsp_software_interrupt.obj"
-input=".\src/smc_gen/r_bsp/mcu/all\r_rx_intrinsic_functions.obj"
-input=".\src/smc_gen/r_bsp/mcu/all\resetprg.obj"
-input=".\src/smc_gen/r_bsp/mcu/all\sbrk.obj"
-input=".\src/smc_gen/r_bsp/mcu/rx231\mcu_clocks.obj"
-input=".\src/smc_gen/r_bsp/mcu/rx231\mcu_init.obj"
-input=".\src/smc_gen/r_bsp/mcu/rx231\mcu_interrupts.obj"
-input=".\src/smc_gen/r_bsp/mcu/rx231\r_bsp_vbatt.obj"
-input=".\src/smc_gen/r_bsp/mcu/rx231\vecttbl.obj"
-input=".\src/smc_gen/r_byteq/src\r_byteq.obj"
-input=".\src/smc_gen/r_datfrx_rx/src/flash_type_1\r_dispatch_1.obj"
-input=".\src/smc_gen/r_datfrx_rx/src/flash_type_1\r_dm_1.obj"
-input=".\src/smc_gen/r_datfrx_rx/src/flash_type_2\r_datf_crc.obj"
-input=".\src/smc_gen/r_datfrx_rx/src/flash_type_2\r_dispatch_2.obj"
-input=".\src/smc_gen/r_datfrx_rx/src/flash_type_2\r_dm_2.obj"
-input=".\src/smc_gen/r_datfrx_rx/src/flash_type_3\r_dm_3.obj"
-input=".\src/smc_gen/r_datfrx_rx/src/flash_type_4\r_dm_4.obj"
-input=".\src/smc_gen/r_datfrx_rx/src\r_flash_dm_rx_if.obj"
-input=".\src/smc_gen/r_flash_rx/src/flash_type_1\r_flash_type1.obj"
-input=".\src/smc_gen/r_flash_rx/src/flash_type_3\r_flash_type3.obj"
-input=".\src/smc_gen/r_flash_rx/src/flash_type_4\r_flash_type4.obj"
-input=".\src/smc_gen/r_flash_rx/src\r_flash_fcu.obj"
-input=".\src/smc_gen/r_flash_rx/src\r_flash_group.obj"
-input=".\src/smc_gen/r_flash_rx/src\r_flash_nofcu.obj"
-input=".\src/smc_gen/r_flash_rx/src\r_flash_rx.obj"
-input=".\src/smc_gen/r_pincfg\Pin.obj"
-input=".\src/smc_gen/r_pincfg\r_rscan_rx_pinset.obj"
-input=".\src/smc_gen/r_rscan_rx/src\r_rscan_rx.obj"
-input=".\src/smc_gen/r_sci_rx/src\r_sci_rx.obj"
-input=".\src/smc_gen/r_sci_rx/src\r_sci_rx_dmaca.obj"
-input=".\src/smc_gen/r_sci_rx/src\r_sci_rx_dtc.obj"
-input=".\src/smc_gen/r_sci_rx/src/targets/rx231\r_sci_rx231.obj"
-input=".\src/smc_gen/r_sci_rx/src/targets/rx231\r_sci_rx231_data.obj"
-library=".\Newver_MhwSlave_Code_00.lib"
-start=SU,SI,B_1,R_1,B_2,R_2,B,R/04,C_1,C_2,C,C$*,D*,W*,L,P*/0FFFE0000,EXCEPTVECT/0FFFFFF80,RESETVECT/0FFFFFFFC
-output="Newver_MhwSlave_Code_00.abs"
-form=absolute
-nomessage
-vect=_undefined_interrupt_source_isr
-list=Newver_MhwSlave_Code_00.map
-nooptimize
-rom=D=R,D_1=R_1,D_2=R_2
-cpu=RAM=00000000-00007fff,FIX=00080000-00083fff,FIX=00086000-00087fff,FIX=00088000-0008dfff,FIX=00090000-0009ffff,FIX=000a0000-000bffff,FIX=000c0000-000fffff,ROM=00100000-00101fff,FIX=007fc000-007fc4ff,FIX=007ffc00-007fffff,ROM=fffe0000-ffffffff
-nologo

*** Error information ***

*** Mapping List ***

SECTION                            START      END         SIZE   ALIGN
SU
                                  00000004  00001003      1000   4
SI
                                  00001004  00001403       400   4
B_1
                                  00001404  00001515       112   1
R_1
                                  00001516  0000156b        56   1
B_2
                                  0000156c  00001577         c   2
R_2
                                  00001578  00001579         2   2
B
                                  0000157c  00002a07      148c   4
R
                                  00002a08  0000472b      1d24   4
C_1
                                  fffe0000  fffe0024        25   1
C_2
                                  fffe0026  fffe00b3        8e   2
C
                                  fffe00b4  fffe01a3        f0   4
C$DSEC
                                  fffe01a4  fffe01c7        24   4
C$BSEC
                                  fffe01c8  fffe01df        18   4
C$VECT
                                  fffe01e0  fffe05df       400   4
D
                                  fffe05e0  fffe2303      1d24   4
D_1
                                  fffe2304  fffe2359        56   1
D_2
                                  fffe235a  fffe235b         2   2
W
                                  fffe235c  fffe235c         0   4
W_1
                                  fffe235c  fffe2378        1d   1
W_2
                                  fffe237a  fffe23df        66   2
L
                                  fffe23e0  fffe2425        46   4
P
                                  fffe2426  fffe9335      6f10   1
EXCEPTVECT
                                  ffffff80  fffffffb        7c   4
RESETVECT
                                  fffffffc  ffffffff         4   4
